1788602303.663178 client started (8089): version 3.6a, socket /run/user/1001/tmux-1001/pacman, protocol 8
1788602303.663194 on Linux 7.1.3 #1-NixOS SMP PREEMPT_DYNAMIC Sat Jul  4 11:45:09 UTC 2026
1788602303.663202 using libevent 2.1.12-stable poll
1788602303.663208 using utf8proc 2.11.3
1788602303.663210 using ncurses 6.6 20251230
1788602303.663226 flags are 0x10010000
1788602303.663234 socket is /run/user/1001/tmux-1001/pacman
1788602303.663242 trying connect
1788602303.663263 add peer 0x55555569aca0: 6 ((nil))
1788602303.663528 sending message 111 to peer 0x55555569aca0 (8 bytes)
1788602303.663535 sending message 111 to peer 0x55555569aca0 (8 bytes)
1788602303.663539 sending message 101 to peer 0x55555569aca0 (15 bytes)
1788602303.663542 sending message 109 to peer 0x55555569aca0 (4 bytes)
1788602303.663545 sending message 102 to peer 0x55555569aca0 (11 bytes)
1788602303.663548 sending message 108 to peer 0x55555569aca0 (32 bytes)
1788602303.663551 sending message 112 to peer 0x55555569aca0 (58 bytes)
1788602303.663554 sending message 112 to peer 0x55555569aca0 (5 bytes)
1788602303.663557 sending message 112 to peer 0x55555569aca0 (5 bytes)
1788602303.663560 sending message 112 to peer 0x55555569aca0 (6 bytes)
1788602303.663563 sending message 112 to peer 0x55555569aca0 (6 bytes)
1788602303.663566 sending message 112 to peer 0x55555569aca0 (11 bytes)
1788602303.663569 sending message 112 to peer 0x55555569aca0 (10 bytes)
1788602303.663572 sending message 112 to peer 0x55555569aca0 (13 bytes)
1788602303.663575 sending message 112 to peer 0x55555569aca0 (14 bytes)
1788602303.663578 sending message 112 to peer 0x55555569aca0 (19 bytes)
1788602303.663581 sending message 112 to peer 0x55555569aca0 (11 bytes)
1788602303.663584 sending message 112 to peer 0x55555569aca0 (10 bytes)
1788602303.663587 sending message 112 to peer 0x55555569aca0 (15 bytes)
1788602303.663589 sending message 112 to peer 0x55555569aca0 (21 bytes)
1788602303.663592 sending message 112 to peer 0x55555569aca0 (13 bytes)
1788602303.663595 sending message 112 to peer 0x55555569aca0 (7 bytes)
1788602303.663598 sending message 112 to peer 0x55555569aca0 (13 bytes)
1788602303.663601 sending message 112 to peer 0x55555569aca0 (7 bytes)
1788602303.663604 sending message 112 to peer 0x55555569aca0 (13 bytes)
1788602303.663607 sending message 112 to peer 0x55555569aca0 (9 bytes)
1788602303.663610 sending message 112 to peer 0x55555569aca0 (21 bytes)
1788602303.663613 sending message 112 to peer 0x55555569aca0 (13 bytes)
1788602303.663616 sending message 112 to peer 0x55555569aca0 (9 bytes)
1788602303.663619 sending message 112 to peer 0x55555569aca0 (16 bytes)
1788602303.663622 sending message 112 to peer 0x55555569aca0 (13 bytes)
1788602303.663625 sending message 112 to peer 0x55555569aca0 (9 bytes)
1788602303.663628 sending message 112 to peer 0x55555569aca0 (9 bytes)
1788602303.663631 sending message 112 to peer 0x55555569aca0 (12 bytes)
1788602303.663633 sending message 112 to peer 0x55555569aca0 (8 bytes)
1788602303.663636 sending message 112 to peer 0x55555569aca0 (8 bytes)
1788602303.663639 sending message 112 to peer 0x55555569aca0 (13 bytes)
1788602303.663642 sending message 112 to peer 0x55555569aca0 (7 bytes)
1788602303.663645 sending message 112 to peer 0x55555569aca0 (7 bytes)
1788602303.663648 sending message 112 to peer 0x55555569aca0 (9 bytes)
1788602303.663651 sending message 112 to peer 0x55555569aca0 (9 bytes)
1788602303.663654 sending message 112 to peer 0x55555569aca0 (15 bytes)
1788602303.663657 sending message 112 to peer 0x55555569aca0 (13 bytes)
1788602303.663660 sending message 112 to peer 0x55555569aca0 (12 bytes)
1788602303.663663 sending message 112 to peer 0x55555569aca0 (8 bytes)
1788602303.663666 sending message 112 to peer 0x55555569aca0 (14 bytes)
1788602303.663669 sending message 112 to peer 0x55555569aca0 (11 bytes)
1788602303.663672 sending message 112 to peer 0x55555569aca0 (9 bytes)
1788602303.663675 sending message 112 to peer 0x55555569aca0 (10 bytes)
1788602303.663677 sending message 112 to peer 0x55555569aca0 (10 bytes)
1788602303.663684 sending message 112 to peer 0x55555569aca0 (10 bytes)
1788602303.663691 sending message 112 to peer 0x55555569aca0 (10 bytes)
1788602303.663694 sending message 112 to peer 0x55555569aca0 (11 bytes)
1788602303.663697 sending message 112 to peer 0x55555569aca0 (12 bytes)
1788602303.663700 sending message 112 to peer 0x55555569aca0 (12 bytes)
1788602303.663703 sending message 112 to peer 0x55555569aca0 (12 bytes)
1788602303.663706 sending message 112 to peer 0x55555569aca0 (12 bytes)
1788602303.663709 sending message 112 to peer 0x55555569aca0 (12 bytes)
1788602303.663712 sending message 112 to peer 0x55555569aca0 (11 bytes)
1788602303.663714 sending message 112 to peer 0x55555569aca0 (11 bytes)
1788602303.663717 sending message 112 to peer 0x55555569aca0 (12 bytes)
1788602303.663720 sending message 112 to peer 0x55555569aca0 (12 bytes)
1788602303.663723 sending message 112 to peer 0x55555569aca0 (12 bytes)
1788602303.663726 sending message 112 to peer 0x55555569aca0 (12 bytes)
1788602303.663729 sending message 112 to peer 0x55555569aca0 (12 bytes)
1788602303.663732 sending message 112 to peer 0x55555569aca0 (9 bytes)
1788602303.663735 sending message 112 to peer 0x55555569aca0 (12 bytes)
1788602303.663738 sending message 112 to peer 0x55555569aca0 (13 bytes)
1788602303.663741 sending message 112 to peer 0x55555569aca0 (13 bytes)
1788602303.663744 sending message 112 to peer 0x55555569aca0 (13 bytes)
1788602303.663747 sending message 112 to peer 0x55555569aca0 (13 bytes)
1788602303.663750 sending message 112 to peer 0x55555569aca0 (13 bytes)
1788602303.663753 sending message 112 to peer 0x55555569aca0 (8 bytes)
1788602303.663756 sending message 112 to peer 0x55555569aca0 (11 bytes)
1788602303.663759 sending message 112 to peer 0x55555569aca0 (11 bytes)
1788602303.663762 sending message 112 to peer 0x55555569aca0 (11 bytes)
1788602303.663765 sending message 112 to peer 0x55555569aca0 (12 bytes)
1788602303.663768 sending message 112 to peer 0x55555569aca0 (12 bytes)
1788602303.663771 sending message 112 to peer 0x55555569aca0 (12 bytes)
1788602303.663774 sending message 112 to peer 0x55555569aca0 (12 bytes)
1788602303.663777 sending message 112 to peer 0x55555569aca0 (13 bytes)
1788602303.663780 sending message 112 to peer 0x55555569aca0 (13 bytes)
1788602303.663783 sending message 112 to peer 0x55555569aca0 (13 bytes)
1788602303.663785 sending message 112 to peer 0x55555569aca0 (8 bytes)
1788602303.663788 sending message 112 to peer 0x55555569aca0 (13 bytes)
1788602303.663791 sending message 112 to peer 0x55555569aca0 (13 bytes)
1788602303.663794 sending message 112 to peer 0x55555569aca0 (13 bytes)
1788602303.663797 sending message 112 to peer 0x55555569aca0 (13 bytes)
1788602303.663800 sending message 112 to peer 0x55555569aca0 (13 bytes)
1788602303.663803 sending message 112 to peer 0x55555569aca0 (12 bytes)
1788602303.663806 sending message 112 to peer 0x55555569aca0 (12 bytes)
1788602303.663809 sending message 112 to peer 0x55555569aca0 (12 bytes)
1788602303.663812 sending message 112 to peer 0x55555569aca0 (12 bytes)
1788602303.663815 sending message 112 to peer 0x55555569aca0 (13 bytes)
1788602303.663818 sending message 112 to peer 0x55555569aca0 (8 bytes)
1788602303.663821 sending message 112 to peer 0x55555569aca0 (13 bytes)
1788602303.663824 sending message 112 to peer 0x55555569aca0 (13 bytes)
1788602303.663827 sending message 112 to peer 0x55555569aca0 (13 bytes)
1788602303.663849 sending message 112 to peer 0x55555569aca0 (13 bytes)
1788602303.663852 sending message 112 to peer 0x55555569aca0 (13 bytes)
1788602303.663856 sending message 112 to peer 0x55555569aca0 (13 bytes)
1788602303.663859 sending message 112 to peer 0x55555569aca0 (13 bytes)
1788602303.663862 sending message 112 to peer 0x55555569aca0 (12 bytes)
1788602303.663865 sending message 112 to peer 0x55555569aca0 (12 bytes)
1788602303.663868 sending message 112 to peer 0x55555569aca0 (12 bytes)
1788602303.663871 sending message 112 to peer 0x55555569aca0 (8 bytes)
1788602303.663874 sending message 112 to peer 0x55555569aca0 (12 bytes)
1788602303.663880 sending message 112 to peer 0x55555569aca0 (13 bytes)
1788602303.663885 sending message 112 to peer 0x55555569aca0 (13 bytes)
1788602303.663888 sending message 112 to peer 0x55555569aca0 (13 bytes)
1788602303.663891 sending message 112 to peer 0x55555569aca0 (13 bytes)
1788602303.663894 sending message 112 to peer 0x55555569aca0 (13 bytes)
1788602303.663897 sending message 112 to peer 0x55555569aca0 (13 bytes)
1788602303.663900 sending message 112 to peer 0x55555569aca0 (13 bytes)
1788602303.663903 sending message 112 to peer 0x55555569aca0 (13 bytes)
1788602303.663907 sending message 112 to peer 0x55555569aca0 (12 bytes)
1788602303.663910 sending message 112 to peer 0x55555569aca0 (10 bytes)
1788602303.663913 sending message 112 to peer 0x55555569aca0 (12 bytes)
1788602303.663916 sending message 112 to peer 0x55555569aca0 (12 bytes)
1788602303.663919 sending message 112 to peer 0x55555569aca0 (12 bytes)
1788602303.663922 sending message 112 to peer 0x55555569aca0 (13 bytes)
1788602303.663925 sending message 112 to peer 0x55555569aca0 (13 bytes)
1788602303.663928 sending message 112 to peer 0x55555569aca0 (13 bytes)
1788602303.663947 sending message 112 to peer 0x55555569aca0 (13 bytes)
1788602303.663950 sending message 112 to peer 0x55555569aca0 (13 bytes)
1788602303.663953 sending message 112 to peer 0x55555569aca0 (13 bytes)
1788602303.663956 sending message 112 to peer 0x55555569aca0 (13 bytes)
1788602303.663959 sending message 112 to peer 0x55555569aca0 (10 bytes)
1788602303.663962 sending message 112 to peer 0x55555569aca0 (13 bytes)
1788602303.663965 sending message 112 to peer 0x55555569aca0 (12 bytes)
1788602303.663968 sending message 112 to peer 0x55555569aca0 (12 bytes)
1788602303.663970 sending message 112 to peer 0x55555569aca0 (12 bytes)
1788602303.663973 sending message 112 to peer 0x55555569aca0 (10 bytes)
1788602303.663976 sending message 112 to peer 0x55555569aca0 (10 bytes)
1788602303.663979 sending message 112 to peer 0x55555569aca0 (10 bytes)
1788602303.663982 sending message 112 to peer 0x55555569aca0 (12 bytes)
1788602303.663985 sending message 112 to peer 0x55555569aca0 (13 bytes)
1788602303.663988 sending message 112 to peer 0x55555569aca0 (13 bytes)
1788602303.663991 sending message 112 to peer 0x55555569aca0 (13 bytes)
1788602303.663994 sending message 112 to peer 0x55555569aca0 (13 bytes)
1788602303.663997 sending message 112 to peer 0x55555569aca0 (13 bytes)
1788602303.664000 sending message 112 to peer 0x55555569aca0 (10 bytes)
1788602303.664003 sending message 112 to peer 0x55555569aca0 (11 bytes)
1788602303.664006 sending message 112 to peer 0x55555569aca0 (12 bytes)
1788602303.664009 sending message 112 to peer 0x55555569aca0 (12 bytes)
1788602303.664011 sending message 112 to peer 0x55555569aca0 (12 bytes)
1788602303.664014 sending message 112 to peer 0x55555569aca0 (12 bytes)
1788602303.664017 sending message 112 to peer 0x55555569aca0 (12 bytes)
1788602303.664020 sending message 112 to peer 0x55555569aca0 (11 bytes)
1788602303.664023 sending message 112 to peer 0x55555569aca0 (12 bytes)
1788602303.664026 sending message 112 to peer 0x55555569aca0 (12 bytes)
1788602303.664029 sending message 112 to peer 0x55555569aca0 (13 bytes)
1788602303.664032 sending message 112 to peer 0x55555569aca0 (13 bytes)
1788602303.664035 sending message 112 to peer 0x55555569aca0 (13 bytes)
1788602303.664038 sending message 112 to peer 0x55555569aca0 (13 bytes)
1788602303.664041 sending message 112 to peer 0x55555569aca0 (13 bytes)
1788602303.664044 sending message 112 to peer 0x55555569aca0 (10 bytes)
1788602303.664047 sending message 112 to peer 0x55555569aca0 (9 bytes)
1788602303.664050 sending message 112 to peer 0x55555569aca0 (12 bytes)
1788602303.664053 sending message 112 to peer 0x55555569aca0 (13 bytes)
1788602303.664056 sending message 112 to peer 0x55555569aca0 (13 bytes)
1788602303.664059 sending message 112 to peer 0x55555569aca0 (13 bytes)
1788602303.664061 sending message 112 to peer 0x55555569aca0 (13 bytes)
1788602303.664064 sending message 112 to peer 0x55555569aca0 (13 bytes)
1788602303.664069 sending message 112 to peer 0x55555569aca0 (9 bytes)
1788602303.664074 sending message 112 to peer 0x55555569aca0 (12 bytes)
1788602303.664077 sending message 112 to peer 0x55555569aca0 (13 bytes)
1788602303.664080 sending message 112 to peer 0x55555569aca0 (13 bytes)
1788602303.664083 sending message 112 to peer 0x55555569aca0 (13 bytes)
1788602303.664086 sending message 112 to peer 0x55555569aca0 (13 bytes)
1788602303.664089 sending message 112 to peer 0x55555569aca0 (13 bytes)
1788602303.664092 sending message 112 to peer 0x55555569aca0 (11 bytes)
1788602303.664095 sending message 112 to peer 0x55555569aca0 (12 bytes)
1788602303.664098 sending message 112 to peer 0x55555569aca0 (13 bytes)
1788602303.664101 sending message 112 to peer 0x55555569aca0 (13 bytes)
1788602303.664104 sending message 112 to peer 0x55555569aca0 (13 bytes)
1788602303.664107 sending message 112 to peer 0x55555569aca0 (13 bytes)
1788602303.664109 sending message 112 to peer 0x55555569aca0 (13 bytes)
1788602303.664112 sending message 112 to peer 0x55555569aca0 (11 bytes)
1788602303.664115 sending message 112 to peer 0x55555569aca0 (12 bytes)
1788602303.664118 sending message 112 to peer 0x55555569aca0 (12 bytes)
1788602303.664121 sending message 112 to peer 0x55555569aca0 (12 bytes)
1788602303.664124 sending message 112 to peer 0x55555569aca0 (12 bytes)
1788602303.664127 sending message 112 to peer 0x55555569aca0 (12 bytes)
1788602303.664130 sending message 112 to peer 0x55555569aca0 (21 bytes)
1788602303.664133 sending message 112 to peer 0x55555569aca0 (12 bytes)
1788602303.664136 sending message 112 to peer 0x55555569aca0 (9 bytes)
1788602303.664139 sending message 112 to peer 0x55555569aca0 (6 bytes)
1788602303.664142 sending message 112 to peer 0x55555569aca0 (13 bytes)
1788602303.664145 sending message 112 to peer 0x55555569aca0 (10 bytes)
1788602303.664148 sending message 112 to peer 0x55555569aca0 (24 bytes)
1788602303.664151 sending message 112 to peer 0x55555569aca0 (13 bytes)
1788602303.664154 sending message 112 to peer 0x55555569aca0 (9 bytes)
1788602303.664157 sending message 112 to peer 0x55555569aca0 (70 bytes)
1788602303.664160 sending message 112 to peer 0x55555569aca0 (69 bytes)
1788602303.664163 sending message 112 to peer 0x55555569aca0 (12 bytes)
1788602303.664166 sending message 112 to peer 0x55555569aca0 (10 bytes)
1788602303.664169 sending message 112 to peer 0x55555569aca0 (10 bytes)
1788602303.664172 sending message 112 to peer 0x55555569aca0 (24 bytes)
1788602303.664175 sending message 112 to peer 0x55555569aca0 (13 bytes)
1788602303.664178 sending message 112 to peer 0x55555569aca0 (10 bytes)
1788602303.664180 sending message 112 to peer 0x55555569aca0 (10 bytes)
1788602303.664183 sending message 112 to peer 0x55555569aca0 (10 bytes)
1788602303.664186 sending message 112 to peer 0x55555569aca0 (13 bytes)
1788602303.664189 sending message 112 to peer 0x55555569aca0 (15 bytes)
1788602303.664192 sending message 112 to peer 0x55555569aca0 (5 bytes)
1788602303.664196 sending message 104 to peer 0x55555569aca0 (0 bytes)
1788602303.664200 sending message 110 to peer 0x55555569aca0 (0 bytes)
1788602303.664203 sending message 107 to peer 0x55555569aca0 (4 bytes)
1788602303.664206 sending message 105 to peer 0x55555569aca0 (82 bytes)
1788602303.664209 sending message 105 to peer 0x55555569aca0 (18 bytes)
1788602303.664212 sending message 105 to peer 0x55555569aca0 (21 bytes)
1788602303.664215 sending message 105 to peer 0x55555569aca0 (25 bytes)
1788602303.664218 sending message 105 to peer 0x55555569aca0 (20 bytes)
1788602303.664221 sending message 105 to peer 0x55555569aca0 (233 bytes)
1788602303.664224 sending message 105 to peer 0x55555569aca0 (35 bytes)
1788602303.664227 sending message 105 to peer 0x55555569aca0 (18 bytes)
1788602303.664231 sending message 105 to peer 0x55555569aca0 (69 bytes)
1788602303.664234 sending message 105 to peer 0x55555569aca0 (26 bytes)
1788602303.664237 sending message 105 to peer 0x55555569aca0 (16 bytes)
1788602303.664240 sending message 105 to peer 0x55555569aca0 (12 bytes)
1788602303.664245 sending message 105 to peer 0x55555569aca0 (44 bytes)
1788602303.664249 sending message 105 to peer 0x55555569aca0 (19 bytes)
1788602303.664252 sending message 105 to peer 0x55555569aca0 (70 bytes)
1788602303.664255 sending message 105 to peer 0x55555569aca0 (14 bytes)
1788602303.664258 sending message 105 to peer 0x55555569aca0 (17 bytes)
1788602303.664261 sending message 105 to peer 0x55555569aca0 (35 bytes)
1788602303.664264 sending message 105 to peer 0x55555569aca0 (39 bytes)
1788602303.664267 sending message 105 to peer 0x55555569aca0 (18 bytes)
1788602303.664270 sending message 105 to peer 0x55555569aca0 (541 bytes)
1788602303.664273 sending message 105 to peer 0x55555569aca0 (51 bytes)
1788602303.664276 sending message 105 to peer 0x55555569aca0 (64 bytes)
1788602303.664279 sending message 105 to peer 0x55555569aca0 (112 bytes)
1788602303.664282 sending message 105 to peer 0x55555569aca0 (72 bytes)
1788602303.664285 sending message 105 to peer 0x55555569aca0 (11 bytes)
1788602303.664288 sending message 105 to peer 0x55555569aca0 (15 bytes)
1788602303.664291 sending message 105 to peer 0x55555569aca0 (10 bytes)
1788602303.664294 sending message 105 to peer 0x55555569aca0 (18 bytes)
1788602303.664297 sending message 105 to peer 0x55555569aca0 (15 bytes)
1788602303.664300 sending message 105 to peer 0x55555569aca0 (36 bytes)
1788602303.664303 sending message 105 to peer 0x55555569aca0 (173 bytes)
1788602303.664307 sending message 105 to peer 0x55555569aca0 (28 bytes)
1788602303.664309 sending message 105 to peer 0x55555569aca0 (29 bytes)
1788602303.664313 sending message 105 to peer 0x55555569aca0 (15 bytes)
1788602303.664316 sending message 105 to peer 0x55555569aca0 (27 bytes)
1788602303.664319 sending message 105 to peer 0x55555569aca0 (21 bytes)
1788602303.664322 sending message 105 to peer 0x55555569aca0 (24 bytes)
1788602303.664325 sending message 105 to peer 0x55555569aca0 (76 bytes)
1788602303.664327 sending message 105 to peer 0x55555569aca0 (22 bytes)
1788602303.664330 sending message 105 to peer 0x55555569aca0 (43 bytes)
1788602303.664333 sending message 105 to peer 0x55555569aca0 (34 bytes)
1788602303.664336 sending message 105 to peer 0x55555569aca0 (30 bytes)
1788602303.664339 sending message 105 to peer 0x55555569aca0 (20 bytes)
1788602303.664342 sending message 105 to peer 0x55555569aca0 (85 bytes)
1788602303.664345 sending message 105 to peer 0x55555569aca0 (66 bytes)
1788602303.664349 sending message 105 to peer 0x55555569aca0 (859 bytes)
1788602303.664352 sending message 105 to peer 0x55555569aca0 (31 bytes)
1788602303.664355 sending message 105 to peer 0x55555569aca0 (38 bytes)
1788602303.664358 sending message 105 to peer 0x55555569aca0 (20 bytes)
1788602303.664361 sending message 105 to peer 0x55555569aca0 (16 bytes)
1788602303.664364 sending message 105 to peer 0x55555569aca0 (18 bytes)
1788602303.664367 sending message 105 to peer 0x55555569aca0 (104 bytes)
1788602303.664370 sending message 105 to peer 0x55555569aca0 (17 bytes)
1788602303.664373 sending message 105 to peer 0x55555569aca0 (27 bytes)
1788602303.664376 sending message 105 to peer 0x55555569aca0 (30 bytes)
1788602303.664379 sending message 105 to peer 0x55555569aca0 (1917 bytes)
1788602303.664393 sending message 105 to peer 0x55555569aca0 (29 bytes)
1788602303.664396 sending message 105 to peer 0x55555569aca0 (28 bytes)
1788602303.664406 sending message 105 to peer 0x55555569aca0 (90 bytes)
1788602303.664409 sending message 105 to peer 0x55555569aca0 (20 bytes)
1788602303.664412 sending message 105 to peer 0x55555569aca0 (12 bytes)
1788602303.664415 sending message 105 to peer 0x55555569aca0 (51 bytes)
1788602303.664418 sending message 105 to peer 0x55555569aca0 (12 bytes)
1788602303.664421 sending message 105 to peer 0x55555569aca0 (95 bytes)
1788602303.664455 sending message 105 to peer 0x55555569aca0 (21 bytes)
1788602303.664459 sending message 105 to peer 0x55555569aca0 (29 bytes)
1788602303.664463 sending message 105 to peer 0x55555569aca0 (47 bytes)
1788602303.664466 sending message 105 to peer 0x55555569aca0 (371 bytes)
1788602303.664472 sending message 105 to peer 0x55555569aca0 (14 bytes)
1788602303.664477 sending message 105 to peer 0x55555569aca0 (38 bytes)
1788602303.664480 sending message 105 to peer 0x55555569aca0 (59 bytes)
1788602303.664484 sending message 105 to peer 0x55555569aca0 (425 bytes)
1788602303.664487 sending message 105 to peer 0x55555569aca0 (9 bytes)
1788602303.664490 sending message 105 to peer 0x55555569aca0 (16 bytes)
1788602303.664510 sending message 105 to peer 0x55555569aca0 (23 bytes)
1788602303.664513 sending message 105 to peer 0x55555569aca0 (100 bytes)
1788602303.664516 sending message 105 to peer 0x55555569aca0 (20 bytes)
1788602303.664519 sending message 105 to peer 0x55555569aca0 (705 bytes)
1788602303.664522 sending message 105 to peer 0x55555569aca0 (29 bytes)
1788602303.664525 sending message 105 to peer 0x55555569aca0 (12 bytes)
1788602303.664528 sending message 105 to peer 0x55555569aca0 (12 bytes)
1788602303.664531 sending message 105 to peer 0x55555569aca0 (13 bytes)
1788602303.664534 sending message 105 to peer 0x55555569aca0 (20 bytes)
1788602303.664537 sending message 105 to peer 0x55555569aca0 (10 bytes)
1788602303.664540 sending message 105 to peer 0x55555569aca0 (27 bytes)
1788602303.664543 sending message 105 to peer 0x55555569aca0 (11 bytes)
1788602303.664546 sending message 105 to peer 0x55555569aca0 (8 bytes)
1788602303.664549 sending message 105 to peer 0x55555569aca0 (36 bytes)
1788602303.664552 sending message 105 to peer 0x55555569aca0 (11 bytes)
1788602303.664555 sending message 105 to peer 0x55555569aca0 (45 bytes)
1788602303.664558 sending message 105 to peer 0x55555569aca0 (307 bytes)
1788602303.664561 sending message 105 to peer 0x55555569aca0 (9 bytes)
1788602303.664564 sending message 105 to peer 0x55555569aca0 (31 bytes)
1788602303.664567 sending message 105 to peer 0x55555569aca0 (11 bytes)
1788602303.664570 sending message 105 to peer 0x55555569aca0 (13 bytes)
1788602303.664573 sending message 105 to peer 0x55555569aca0 (17 bytes)
1788602303.664576 sending message 105 to peer 0x55555569aca0 (19 bytes)
1788602303.664579 sending message 105 to peer 0x55555569aca0 (64 bytes)
1788602303.664582 sending message 105 to peer 0x55555569aca0 (72 bytes)
1788602303.664585 sending message 105 to peer 0x55555569aca0 (529 bytes)
1788602303.664588 sending message 105 to peer 0x55555569aca0 (264 bytes)
1788602303.664591 sending message 105 to peer 0x55555569aca0 (1264 bytes)
1788602303.664595 sending message 105 to peer 0x55555569aca0 (31 bytes)
1788602303.664598 sending message 105 to peer 0x55555569aca0 (17 bytes)
1788602303.664601 sending message 105 to peer 0x55555569aca0 (22 bytes)
1788602303.664604 sending message 105 to peer 0x55555569aca0 (83 bytes)
1788602303.664607 sending message 105 to peer 0x55555569aca0 (48 bytes)
1788602303.664610 sending message 105 to peer 0x55555569aca0 (24 bytes)
1788602303.664613 sending message 105 to peer 0x55555569aca0 (1603 bytes)
1788602303.664617 sending message 105 to peer 0x55555569aca0 (221 bytes)
1788602303.664620 sending message 105 to peer 0x55555569aca0 (26 bytes)
1788602303.664623 sending message 105 to peer 0x55555569aca0 (17 bytes)
1788602303.664626 sending message 105 to peer 0x55555569aca0 (1778 bytes)
1788602303.664629 sending message 105 to peer 0x55555569aca0 (23 bytes)
1788602303.664632 sending message 105 to peer 0x55555569aca0 (25 bytes)
1788602303.664635 sending message 105 to peer 0x55555569aca0 (54 bytes)
1788602303.664638 sending message 105 to peer 0x55555569aca0 (27 bytes)
1788602303.664641 sending message 105 to peer 0x55555569aca0 (26 bytes)
1788602303.664644 sending message 105 to peer 0x55555569aca0 (26 bytes)
1788602303.664647 sending message 105 to peer 0x55555569aca0 (575 bytes)
1788602303.664650 sending message 105 to peer 0x55555569aca0 (77 bytes)
1788602303.664653 sending message 105 to peer 0x55555569aca0 (19 bytes)
1788602303.664656 sending message 105 to peer 0x55555569aca0 (68 bytes)
1788602303.664659 sending message 105 to peer 0x55555569aca0 (1361 bytes)
1788602303.664662 sending message 105 to peer 0x55555569aca0 (19 bytes)
1788602303.664667 sending message 105 to peer 0x55555569aca0 (18 bytes)
1788602303.664672 sending message 105 to peer 0x55555569aca0 (24 bytes)
1788602303.664675 sending message 105 to peer 0x55555569aca0 (34 bytes)
1788602303.664678 sending message 106 to peer 0x55555569aca0 (0 bytes)
1788602303.664719 sending message 200 to peer 0x55555569aca0 (4 bytes)
1788602303.664723 client loop enter
1788602303.664994 peer 0x55555569aca0 message 303
1788602303.665001 open write file 2 -
1788602303.665009 sending message 305 to peer 0x55555569aca0 (8 bytes)
1788602303.665016 write check file 2
1788602303.665132 peer 0x55555569aca0 message 304
1788602303.665137 write 58 to file 2
1788602303.665152 peer 0x55555569aca0 message 203
1788602303.665156 file 2 58 bytes left
1788602303.665166 write check file 2
1788602303.665169 client loop exit
